// Jest Snapshot v1, https://goo.gl/fbAQLP

exports[`Greeting component renders correctly 1`] = `
<h1>
  Hello, 
  John Doe
  !
</h1>
`;
